199.19.249.196 - - [14/Oct/2014:15:39:43 +0200] "GET /Metiers/CommunityManager HTTP/1.1" 200 18000 "-" "Mozilla/4.0 (compatible; MSIE 7.0; Windows NT 5.1; InfoPath.1; .NET CLR 2.0.50727; .NET CLR 1.1.4322; MS-RTC LM 8; .NET CLR 3.0.4506.2152; .NET CLR 3.5.30729)"
194.2.86.10 - - [14/Oct/2014:15:39:44 +0200] "GET /Metiers/CommunityManager HTTP/1.1" 200 4741 "http://www.google.fr/imgres?imgurl=http%3A%2F%2Fwww.master-sippe.fr%2Fsites%2Fdefault%2Ffiles%2Fimages%2Fcommunity-management-1(1).jpg&imgrefurl=http%3A%2F%2Fwww.master-sippe.fr%2FMetiers%2FCommunityManager&h=300&w=300&tbnid=bUUtxOs8xwZtuM%3A&zoom=1&docid=J-yU6AdsSH39FM&ei=zyc9VJqHGovaas_rgKgB&tbm=isch&client=firefox-a&iact=rc&uact=3&dur=1211&page=1&start=0&ndsp=33&ved=0CGAQrQMwEw" "Mozilla/5.0 (Windows NT 6.1; rv:32.0) Gecko/20100101 Firefox/32.0"
194.2.86.10 - - [14/Oct/2014:15:39:46 +0200] "GET /modules/system/system.base.css?n1cp2r HTTP/1.1" 200 1883 "http://www.master-sippe.fr/Metiers/CommunityManager" "Mozilla/5.0 (Windows NT 6.1; rv:32.0) Gecko/20100101 Firefox/32.0"
194.2.86.10 - - [14/Oct/2014:15:39:47 +0200] "GET /modules/system/system.menus.css?n1cp2r HTTP/1.1" 200 661 "http://www.master-sippe.fr/Metiers/CommunityManager" "Mozilla/5.0 (Windows NT 6.1; rv:32.0) Gecko/20100101 Firefox/32.0"
194.2.86.10 - - [14/Oct/2014:15:39:48 +0200] "GET /misc/drupal.js?n1cp2r HTTP/1.1" 200 4976 "http://www.master-sippe.fr/Metiers/CommunityManager" "Mozilla/5.0 (Windows NT 6.1; rv:32.0) Gecko/20100101 Firefox/32.0"
194.2.86.10 - - [14/Oct/2014:15:39:48 +0200] "GET /modules/system/system.messages.css?n1cp2r HTTP/1.1" 200 382 "http://www.master-sippe.fr/Metiers/CommunityManager" "Mozilla/5.0 (Windows NT 6.1; rv:32.0) Gecko/20100101 Firefox/32.0"
194.2.86.10 - - [14/Oct/2014:15:39:48 +0200] "GET /misc/jquery.once.js?v=1.2 HTTP/1.1" 200 1066 "http://www.master-sippe.fr/Metiers/CommunityManager" "Mozilla/5.0 (Windows NT 6.1; rv:32.0) Gecko/20100101 Firefox/32.0"
194.2.86.10 - - [14/Oct/2014:15:39:48 +0200] "GET /modules/system/system.theme.css?n1cp2r HTTP/1.1" 200 1220 "http://www.master-sippe.fr/Metiers/CommunityManager" "Mozilla/5.0 (Windows NT 6.1; rv:32.0) Gecko/20100101 Firefox/32.0"
194.2.86.10 - - [14/Oct/2014:15:39:48 +0200] "GET /sites/default/files/languages/fr_1bxlFwYbSjKwP_MT6qnGNu43Mp-vbZYoDjQ58_GrzUE.js?n1cp2r HTTP/1.1" 200 1755 "http://www.master-sippe.fr/Metiers/CommunityManager" "Mozilla/5.0 (Windows NT 6.1; rv:32.0) Gecko/20100101 Firefox/32.0"
194.2.86.10 - - [14/Oct/2014:15:39:48 +0200] "GET /sites/all/themes/rubix-responsive-theme/js/custom.js?n1cp2r HTTP/1.1" 200 365 "http://www.master-sippe.fr/Metiers/CommunityManager" "Mozilla/5.0 (Windows NT 6.1; rv:32.0) Gecko/20100101 Firefox/32.0"
194.2.86.10 - - [14/Oct/2014:15:39:48 +0200] "GET /modules/comment/comment.css?n1cp2r HTTP/1.1" 200 142 "http://www.master-sippe.fr/Metiers/CommunityManager" "Mozilla/5.0 (Windows NT 6.1; rv:32.0) Gecko/20100101 Firefox/32.0"
194.2.86.10 - - [14/Oct/2014:15:39:48 +0200] "GET /modules/user/user.css?n1cp2r HTTP/1.1" 200 698 "http://www.master-sippe.fr/Metiers/CommunityManager" "Mozilla/5.0 (Windows NT 6.1; rv:32.0) Gecko/20100101 Firefox/32.0"
194.2.86.10 - - [14/Oct/2014:15:39:48 +0200] "GET /modules/field/theme/field.css?n1cp2r HTTP/1.1" 200 235 "http://www.master-sippe.fr/Metiers/CommunityManager" "Mozilla/5.0 (Windows NT 6.1; rv:32.0) Gecko/20100101 Firefox/32.0"
194.2.86.10 - - [14/Oct/2014:15:39:48 +0200] "GET /modules/search/search.css?n1cp2r HTTP/1.1" 200 232 "http://www.master-sippe.fr/Metiers/CommunityManager" "Mozilla/5.0 (Windows NT 6.1; rv:32.0) Gecko/20100101 Firefox/32.0"
194.2.86.10 - - [14/Oct/2014:15:39:48 +0200] "GET /sites/all/themes/rubix-responsive-theme/js/customize-twitter-1.1.min.js?n1cp2r HTTP/1.1" 200 537 "http://www.master-sippe.fr/Metiers/CommunityManager" "Mozilla/5.0 (Windows NT 6.1; rv:32.0) Gecko/20100101 Firefox/32.0"
194.2.86.10 - - [14/Oct/2014:15:39:48 +0200] "GET /modules/node/node.css?n1cp2r HTTP/1.1" 200 109 "http://www.master-sippe.fr/Metiers/CommunityManager" "Mozilla/5.0 (Windows NT 6.1; rv:32.0) Gecko/20100101 Firefox/32.0"
194.2.86.10 - - [14/Oct/2014:15:39:48 +0200] "GET /sites/all/modules/intramenu/intramenu_style.css?n1cp2r HTTP/1.1" 200 632 "http://www.master-sippe.fr/Metiers/CommunityManager" "Mozilla/5.0 (Windows NT 6.1; rv:32.0) Gecko/20100101 Firefox/32.0"
194.2.86.10 - - [14/Oct/2014:15:39:48 +0200] "GET /sites/all/modules/views/css/views.css?n1cp2r HTTP/1.1" 200 309 "http://www.master-sippe.fr/Metiers/CommunityManager" "Mozilla/5.0 (Windows NT 6.1; rv:32.0) Gecko/20100101 Firefox/32.0"
194.2.86.10 - - [14/Oct/2014:15:39:48 +0200] "GET /sites/all/modules/ctools/css/ctools.css?n1cp2r HTTP/1.1" 200 252 "http://www.master-sippe.fr/Metiers/CommunityManager" "Mozilla/5.0 (Windows NT 6.1; rv:32.0) Gecko/20100101 Firefox/32.0"
194.2.86.10 - - [14/Oct/2014:15:39:48 +0200] "GET /sites/all/themes/rubix-responsive-theme/style.css?n1cp2r HTTP/1.1" 200 6616 "http://www.master-sippe.fr/Metiers/CommunityManager" "Mozilla/5.0 (Windows NT 6.1; rv:32.0) Gecko/20100101 Firefox/32.0"
194.2.86.10 - - [14/Oct/2014:15:39:48 +0200] "GET /sites/all/modules/ckeditor/ckeditor.css?n1cp2r HTTP/1.1" 200 1057 "http://www.master-sippe.fr/Metiers/CommunityManager" "Mozilla/5.0 (Windows NT 6.1; rv:32.0) Gecko/20100101 Firefox/32.0"
194.2.86.10 - - [14/Oct/2014:15:39:48 +0200] "GET /sites/all/themes/rubix-responsive-theme/media.css?n1cp2r HTTP/1.1" 200 1459 "http://www.master-sippe.fr/Metiers/CommunityManager" "Mozilla/5.0 (Windows NT 6.1; rv:32.0) Gecko/20100101 Firefox/32.0"
199.19.249.196 - - [14/Oct/2014:15:39:48 +0200] "GET /sites/all/themes/rubix-responsive-theme/images/icone-twitter.svg HTTP/1.1" 200 1267 "-" "Mozilla/4.0 (compatible; MSIE 7.0; Windows NT 5.1; InfoPath.1; .NET CLR 2.0.50727; .NET CLR 1.1.4322; MS-RTC LM 8; .NET CLR 3.0.4506.2152; .NET CLR 3.5.30729)"
194.2.86.10 - - [14/Oct/2014:15:39:48 +0200] "GET /sites/all/modules/intramenu/Images/user.png HTTP/1.1" 200 3002 "http://www.master-sippe.fr/Metiers/CommunityManager" "Mozilla/5.0 (Windows NT 6.1; rv:32.0) Gecko/20100101 Firefox/32.0"
199.19.249.196 - - [14/Oct/2014:15:39:48 +0200] "GET /sites/all/themes/rubix-responsive-theme/images/icone-facebook.svg HTTP/1.1" 200 927 "-" "Mozilla/4.0 (compatible; MSIE 7.0; Windows NT 5.1; InfoPath.1; .NET CLR 2.0.50727; .NET CLR 1.1.4322; MS-RTC LM 8; .NET CLR 3.0.4506.2152; .NET CLR 3.5.30729)"
194.2.86.10 - - [14/Oct/2014:15:39:48 +0200] "GET /sites/all/themes/rubix-responsive-theme/images/logo_master_sippe.png HTTP/1.1" 200 16306 "http://www.master-sippe.fr/Metiers/CommunityManager" "Mozilla/5.0 (Windows NT 6.1; rv:32.0) Gecko/20100101 Firefox/32.0"
194.2.86.10 - - [14/Oct/2014:15:39:48 +0200] "GET /sites/all/themes/rubix-responsive-theme/images/logo-pole-lardy-footer.jpg HTTP/1.1" 200 2488 "http://www.master-sippe.fr/Metiers/CommunityManager" "Mozilla/5.0 (Windows NT 6.1; rv:32.0) Gecko/20100101 Firefox/32.0"
194.2.86.10 - - [14/Oct/2014:15:39:48 +0200] "GET /sites/all/modules/intramenu/Images/lock.png HTTP/1.1" 200 2962 "http://www.master-sippe.fr/Metiers/CommunityManager" "Mozilla/5.0 (Windows NT 6.1; rv:32.0) Gecko/20100101 Firefox/32.0"
194.2.86.10 - - [14/Oct/2014:15:39:48 +0200] "GET /sites/all/themes/rubix-responsive-theme/images/logo-ubp-footer.jpg HTTP/1.1" 200 3992 "http://www.master-sippe.fr/Metiers/CommunityManager" "Mozilla/5.0 (Windows NT 6.1; rv:32.0) Gecko/20100101 Firefox/32.0"
199.19.249.196 - - [14/Oct/2014:15:39:48 +0200] "GET /sites/all/themes/rubix-responsive-theme/images/icone-linkedin.svg HTTP/1.1" 200 1173 "-" "Mozilla/4.0 (compatible; MSIE 7.0; Windows NT 5.1; InfoPath.1; .NET CLR 2.0.50727; .NET CLR 1.1.4322; MS-RTC LM 8; .NET CLR 3.0.4506.2152; .NET CLR 3.5.30729)"
199.19.249.196 - - [14/Oct/2014:15:39:48 +0200] "GET /sites/all/themes/rubix-responsive-theme/images/icone-youtube.svg HTTP/1.1" 200 2713 "-" "Mozilla/4.0 (compatible; MSIE 7.0; Windows NT 5.1; InfoPath.1; .NET CLR 2.0.50727; .NET CLR 1.1.4322; MS-RTC LM 8; .NET CLR 3.0.4506.2152; .NET CLR 3.5.30729)"
194.2.86.10 - - [14/Oct/2014:15:39:48 +0200] "GET /sites/all/themes/rubix-responsive-theme/images/icone-twitter.svg HTTP/1.1" 200 1267 "http://www.master-sippe.fr/Metiers/CommunityManager" "Mozilla/5.0 (Windows NT 6.1; rv:32.0) Gecko/20100101 Firefox/32.0"
199.19.249.196 - - [14/Oct/2014:15:39:48 +0200] "GET /sites/all/themes/rubix-responsive-theme/images/icone-google-plus.svg HTTP/1.1" 200 1620 "-" "Mozilla/4.0 (compatible; MSIE 7.0; Windows NT 5.1; InfoPath.1; .NET CLR 2.0.50727; .NET CLR 1.1.4322; MS-RTC LM 8; .NET CLR 3.0.4506.2152; .NET CLR 3.5.30729)"
194.2.86.10 - - [14/Oct/2014:15:39:48 +0200] "GET /sites/all/themes/rubix-responsive-theme/images/icone-facebook.svg HTTP/1.1" 200 927 "http://www.master-sippe.fr/Metiers/CommunityManager" "Mozilla/5.0 (Windows NT 6.1; rv:32.0) Gecko/20100101 Firefox/32.0"
199.19.249.196 - - [14/Oct/2014:15:39:48 +0200] "GET /sites/all/themes/rubix-responsive-theme/images/icone-viadeo.svg HTTP/1.1" 200 1993 "-" "Mozilla/4.0 (compatible; MSIE 7.0; Windows NT 5.1; InfoPath.1; .NET CLR 2.0.50727; .NET CLR 1.1.4322; MS-RTC LM 8; .NET CLR 3.0.4506.2152; .NET CLR 3.5.30729)"
194.2.86.10 - - [14/Oct/2014:15:39:48 +0200] "GET /sites/all/themes/rubix-responsive-theme/images/icone-linkedin.svg HTTP/1.1" 200 1173 "http://www.master-sippe.fr/Metiers/CommunityManager" "Mozilla/5.0 (Windows NT 6.1; rv:32.0) Gecko/20100101 Firefox/32.0"
194.2.86.10 - - [14/Oct/2014:15:39:48 +0200] "GET /sites/all/themes/rubix-responsive-theme/images/icone-youtube.svg HTTP/1.1" 200 2713 "http://www.master-sippe.fr/Metiers/CommunityManager" "Mozilla/5.0 (Windows NT 6.1; rv:32.0) Gecko/20100101 Firefox/32.0"
194.2.86.10 - - [14/Oct/2014:15:39:48 +0200] "GET /sites/all/themes/rubix-responsive-theme/images/icone-google-plus.svg HTTP/1.1" 200 1620 "http://www.master-sippe.fr/Metiers/CommunityManager" "Mozilla/5.0 (Windows NT 6.1; rv:32.0) Gecko/20100101 Firefox/32.0"
194.2.86.10 - - [14/Oct/2014:15:39:48 +0200] "GET /sites/all/themes/rubix-responsive-theme/images/body_bg.png HTTP/1.1" 200 137733 "http://master-sippe.fr/sites/all/themes/rubix-responsive-theme/style.css?n1cp2r" "Mozilla/5.0 (Windows NT 6.1; rv:32.0) Gecko/20100101 Firefox/32.0"
199.19.249.196 - - [14/Oct/2014:15:39:48 +0200] "GET /sites/all/themes/rubix-responsive-theme/fonts/LobsterTwo-Regular.otf HTTP/1.1" 200 78428 "-" "Mozilla/4.0 (compatible; MSIE 7.0; Windows NT 5.1; InfoPath.1; .NET CLR 2.0.50727; .NET CLR 1.1.4322; MS-RTC LM 8; .NET CLR 3.0.4506.2152; .NET CLR 3.5.30729)"
194.2.86.10 - - [14/Oct/2014:15:39:49 +0200] "GET /sites/all/themes/rubix-responsive-theme/fonts/LobsterTwo-Regular.otf HTTP/1.1" 200 78428 "http://master-sippe.fr/sites/all/themes/rubix-responsive-theme/style.css?n1cp2r" "Mozilla/5.0 (Windows NT 6.1; rv:32.0) Gecko/20100101 Firefox/32.0"
194.2.86.10 - - [14/Oct/2014:15:39:51 +0200] "GET /sites/all/themes/rubix-responsive-theme/images/icone-viadeo.svg HTTP/1.1" 200 1993 "http://www.master-sippe.fr/Metiers/CommunityManager" "Mozilla/5.0 (Windows NT 6.1; rv:32.0) Gecko/20100101 Firefox/32.0"
194.2.86.10 - - [14/Oct/2014:15:39:52 +0200] "GET /sites/all/themes/rubix-responsive-theme/fonts/MYRIADPRO-REGULAR.OTF HTTP/1.1" 200 94360 "http://master-sippe.fr/sites/all/themes/rubix-responsive-theme/style.css?n1cp2r" "Mozilla/5.0 (Windows NT 6.1; rv:32.0) Gecko/20100101 Firefox/32.0"
194.2.86.10 - - [14/Oct/2014:15:39:52 +0200] "GET /sites/all/themes/rubix-responsive-theme/fonts/HalloSans.otf HTTP/1.1" 200 42564 "http://master-sippe.fr/sites/all/themes/rubix-responsive-theme/style.css?n1cp2r" "Mozilla/5.0 (Windows NT 6.1; rv:32.0) Gecko/20100101 Firefox/32.0"
199.19.249.196 - - [14/Oct/2014:15:39:54 +0200] "GET /sites/all/themes/rubix-responsive-theme/fonts/MYRIADPRO-REGULAR.OTF HTTP/1.1" 200 94360 "-" "Mozilla/4.0 (compatible; MSIE 7.0; Windows NT 5.1; InfoPath.1; .NET CLR 2.0.50727; .NET CLR 1.1.4322; MS-RTC LM 8; .NET CLR 3.0.4506.2152; .NET CLR 3.5.30729)"
66.249.79.132 - - [14/Oct/2014:15:46:26 +0200] "GET / HTTP/1.1" 200 6285 "-" "Mozilla/5.0 (compatible; Googlebot/2.1; +http://www.google.com/bot.html)"
66.249.79.129 - - [14/Oct/2014:15:50:23 +0200] "GET /system/files/imagecache/RU/chef_de_produit_web.jpg HTTP/1.1" 404 262 "-" "Googlebot-Image/1.0"
192.99.149.88 - - [14/Oct/2014:15:55:41 +0200] "GET /robots.txt HTTP/1.1" 200 1598 "-" "Mozilla/5.0 (Windows NT 6.1; WOW64; Trident/7.0; rv:11.0) like Gecko"
192.99.149.88 - - [14/Oct/2014:15:55:41 +0200] "GET / HTTP/1.1" 200 23102 "-" "Mozilla/5.0 (Windows NT 6.1; WOW64; Trident/7.0; rv:11.0) like Gecko"
192.99.149.88 - - [14/Oct/2014:15:55:42 +0200] "GET /user HTTP/1.1" 200 15724 "-" "Mozilla/5.0 (Windows NT 6.1; WOW64; Trident/7.0; rv:11.0) like Gecko"
192.99.149.88 - - [14/Oct/2014:15:55:43 +0200] "GET /user/password HTTP/1.1" 200 15385 "-" "Mozilla/5.0 (Windows NT 6.1; WOW64; Trident/7.0; rv:11.0) like Gecko"
192.99.149.88 - - [14/Oct/2014:15:55:44 +0200] "GET /Formation/Presentation HTTP/1.1" 200 20401 "-" "Mozilla/5.0 (Windows NT 6.1; WOW64; Trident/7.0; rv:11.0) like Gecko"
192.99.149.88 - - [14/Oct/2014:15:55:45 +0200] "GET /Formation/Programme HTTP/1.1" 200 21324 "-" "Mozilla/5.0 (Windows NT 6.1; WOW64; Trident/7.0; rv:11.0) like Gecko"
192.99.149.88 - - [14/Oct/2014:15:55:45 +0200] "GET /Formation/ProjetsCollectifs HTTP/1.1" 200 21333 "-" "Mozilla/5.0 (Windows NT 6.1; WOW64; Trident/7.0; rv:11.0) like Gecko"
192.99.149.88 - - [14/Oct/2014:15:55:46 +0200] "GET /Formation/Stages HTTP/1.1" 200 16633 "-" "Mozilla/5.0 (Windows NT 6.1; WOW64; Trident/7.0; rv:11.0) like Gecko"
192.99.149.88 - - [14/Oct/2014:15:55:47 +0200] "GET /Formation/P%C3%B4le%20Lardy%20et%20UBP HTTP/1.1" 200 17381 "-" "Mozilla/5.0 (Windows NT 6.1; WOW64; Trident/7.0; rv:11.0) like Gecko"
192.99.149.88 - - [14/Oct/2014:15:55:48 +0200] "GET /Formation/GREP HTTP/1.1" 200 17716 "-" "Mozilla/5.0 (Windows NT 6.1; WOW64; Trident/7.0; rv:11.0) like Gecko"
192.99.149.88 - - [14/Oct/2014:15:55:49 +0200] "GET /Metiers/AdministrateurReseau HTTP/1.1" 200 17179 "-" "Mozilla/5.0 (Windows NT 6.1; WOW64; Trident/7.0; rv:11.0) like Gecko"
192.99.149.88 - - [14/Oct/2014:15:55:50 +0200] "GET /Metiers/AnalysteProgrammeur HTTP/1.1" 200 17099 "-" "Mozilla/5.0 (Windows NT 6.1; WOW64; Trident/7.0; rv:11.0) like Gecko"
72.14.199.89 - - [14/Oct/2014:16:01:41 +0200] "GET /rss.xml HTTP/1.1" 200 201 "-" "Feedfetcher-Google; (+http://www.google.com/feedfetcher.html; 1 subscribers; feed-id=15553780410027205468)"
66.249.79.121 - - [14/Oct/2014:16:21:00 +0200] "GET /image_captcha?sid=2116&ts=1412290740 HTTP/1.1" 200 20 "-" "Googlebot-Image/1.0"
66.249.79.124 - - [14/Oct/2014:16:49:33 +0200] "GET /node/58 HTTP/1.1" 200 6286 "-" "Mozilla/5.0 (compatible; Googlebot/2.1; +http://www.google.com/bot.html)"
5.255.253.40 - - [14/Oct/2014:16:49:52 +0200] "GET /Etudiants/AssociationAEAD HTTP/1.1" 200 4732 "-" "Mozilla/5.0 (compatible; YandexBot/3.0; +http://yandex.com/bots)"
5.255.253.40 - - [14/Oct/2014:16:50:03 +0200] "GET /node/73 HTTP/1.1" 200 4106 "-" "Mozilla/5.0 (compatible; YandexBot/3.0; +http://yandex.com/bots)"
5.255.253.40 - - [14/Oct/2014:16:50:14 +0200] "GET /?fontsize=smaller&page= HTTP/1.1" 200 6288 "-" "Mozilla/5.0 (compatible; YandexBot/3.0; +http://yandex.com/bots)"
5.255.253.40 - - [14/Oct/2014:16:50:25 +0200] "GET /node/58 HTTP/1.1" 200 6285 "-" "Mozilla/5.0 (compatible; YandexBot/3.0; +http://yandex.com/bots)"
66.249.79.121 - - [14/Oct/2014:16:51:47 +0200] "GET /system/files/imagecache/RU/%252Fimagecache/ru/ru_service.jpg HTTP/1.1" 404 266 "-" "Googlebot-Image/1.0"
193.252.118.165 - - [14/Oct/2014:17:00:26 +0200] "GET /robots.txt HTTP/1.1" 200 654 "-" "Mozilla/5.0 (Windows NT 5.1; U; Win64; fr; rv:1.8.1) VoilaBot BETA 1.2 (support.voilabot@orange-ftgroup.com)"
193.252.118.165 - - [14/Oct/2014:17:00:49 +0200] "GET /Entreprises/OffresEmploiStage HTTP/1.1" 200 5058 "-" "Mozilla/5.0 (Windows NT 5.1; U; Win64; fr; rv:1.8.1) VoilaBot BETA 1.2 (support.voilabot@orange-ftgroup.com)"
88.198.16.153 - - [14/Oct/2014:17:01:10 +0200] "GET /robots.txt HTTP/1.0" 200 1598 "-" "Mozilla/5.0 (compatible; MJ12bot/v1.4.5; http://www.majestic12.co.uk/bot.php?+)"
88.198.16.153 - - [14/Oct/2014:17:01:24 +0200] "GET /beta/universit%C3%A9/actualit%C3%A9s-du-master-sippe HTTP/1.0" 404 12202 "-" "Mozilla/5.0 (compatible; MJ12bot/v1.4.5; http://www.majestic12.co.uk/bot.php?+)"
88.198.16.153 - - [14/Oct/2014:17:01:36 +0200] "GET /beta/universit%C3%A9/actualit%C3%A9s-du-master-sippe?fontsize=larger&page= HTTP/1.0" 404 3483 "-" "Mozilla/5.0 (compatible; MJ12bot/v1.4.5; http://www.majestic12.co.uk/bot.php?+)"
88.198.16.153 - - [14/Oct/2014:17:01:49 +0200] "GET /beta/universit%C3%A9/actualit%C3%A9s-du-master-sippe?fontsize=larger&page=actualit%25C3%25A9s-du-master-sippe HTTP/1.0" 404 3493 "-" "Mozilla/5.0 (compatible; MJ12bot/v1.4.5; http://www.majestic12.co.uk/bot.php?+)"
88.198.16.153 - - [14/Oct/2014:17:04:10 +0200] "GET /beta/universit%C3%A9/actualit%C3%A9s-du-master-sippe?fontsize=smaller&page= HTTP/1.0" 404 3480 "-" "Mozilla/5.0 (compatible; MJ12bot/v1.4.5; http://www.majestic12.co.uk/bot.php?+)"
88.198.16.153 - - [14/Oct/2014:17:04:21 +0200] "GET /beta/universit%C3%A9/actualit%C3%A9s-du-master-sippe?fontsize=smaller&page=actualit%25C3%25A9s-du-master-sippe HTTP/1.0" 404 3492 "-" "Mozilla/5.0 (compatible; MJ12bot/v1.4.5; http://www.majestic12.co.uk/bot.php?+)"
88.198.16.153 - - [14/Oct/2014:17:04:34 +0200] "GET /beta/universit%C3%A9/actualit%C3%A9s-du-master-sippe?q=user HTTP/1.0" 200 4346 "-" "Mozilla/5.0 (compatible; MJ12bot/v1.4.5; http://www.majestic12.co.uk/bot.php?+)"
193.252.118.173 - - [14/Oct/2014:17:05:13 +0200] "GET /robots.txt HTTP/1.1" 200 654 "-" "Mozilla/5.0 (Windows NT 5.1; U; Win64; fr; rv:1.8.1) VoilaBot BETA 1.2 (support.voilabot@orange-ftgroup.com)"
193.252.118.173 - - [14/Oct/2014:17:05:43 +0200] "GET /Formation/P%c3%b4le%20Lardy%20et%20UBP HTTP/1.1" 200 4985 "-" "Mozilla/5.0 (Windows NT 5.1; U; Win64; fr; rv:1.8.1) VoilaBot BETA 1.2 (support.voilabot@orange-ftgroup.com)"
66.249.79.129 - - [14/Oct/2014:17:20:48 +0200] "GET /system/files/imagecache/RU/responsable_de_partenariat_et_affiliation.jpg HTTP/1.1" 404 277 "-" "Googlebot-Image/1.0"
66.249.79.132 - - [14/Oct/2014:17:49:21 +0200] "GET / HTTP/1.1" 200 6285 "-" "Mozilla/5.0 (compatible; Googlebot/2.1; +http://www.google.com/bot.html)"
74.52.245.146 - - [14/Oct/2014:17:59:52 +0200] "GET / HTTP/1.0" 200 23102 "-" "Mozilla/5.0 (X11; U; Linux i686; en-US; rv:1.7.5) Gecko/20041107 Firefox/1.0"
31.38.63.75 - - [14/Oct/2014:18:10:03 +0200] "GET / HTTP/1.1" 200 6289 "-" "Mozilla/5.0 (iPad; CPU OS 7_0_3 like Mac OS X) AppleWebKit/537.51.1 (KHTML, like Gecko) Version/7.0 Mobile/11B511 Safari/9537.53"
31.38.63.75 - - [14/Oct/2014:18:10:05 +0200] "GET /sites/default/files/languages/fr_1bxlFwYbSjKwP_MT6qnGNu43Mp-vbZYoDjQ58_GrzUE.js?n1cp2r HTTP/1.1" 304 0 "http://master-sippe.fr/" "Mozilla/5.0 (iPad; CPU OS 7_0_3 like Mac OS X) AppleWebKit/537.51.1 (KHTML, like Gecko) Version/7.0 Mobile/11B511 Safari/9537.53"
66.249.79.129 - - [14/Oct/2014:18:32:11 +0200] "GET /sites/default/files/images/ddblock/07.JPG HTTP/1.1" 404 255 "-" "Googlebot-Image/1.0"
81.52.143.16 - - [14/Oct/2014:18:37:15 +0200] "GET /Metiers/LesMetiers HTTP/1.1" 200 4273 "-" "Mozilla/5.0 (Windows NT 5.1; U; Win64; fr; rv:1.8.1) VoilaBot BETA 1.2 (support.voilabot@orange-ftgroup.com)"
66.249.79.132 - - [14/Oct/2014:18:47:33 +0200] "GET /node/58 HTTP/1.1" 200 6289 "-" "Mozilla/5.0 (compatible; Googlebot/2.1; +http://www.google.com/bot.html)"
72.14.199.89 - - [14/Oct/2014:19:06:41 +0200] "GET /rss.xml HTTP/1.1" 200 201 "-" "Feedfetcher-Google; (+http://www.google.com/feedfetcher.html; 1 subscribers; feed-id=15553780410027205468)"
5.255.253.40 - - [14/Oct/2014:19:37:39 +0200] "GET /robots.txt HTTP/1.1" 200 1598 "-" "Mozilla/5.0 (compatible; YandexBot/3.0; +http://yandex.com/bots)"
66.249.79.113 - - [14/Oct/2014:19:44:37 +0200] "GET /sites/default/files/images/analystedeveloppeur.jpg HTTP/1.1" 304 0 "-" "Googlebot-Image/1.0"
208.115.111.74 - - [14/Oct/2014:19:46:15 +0200] "GET /robots.txt HTTP/1.1" 200 1598 "-" "Mozilla/5.0 (compatible; DotBot/1.1; http://www.opensiteexplorer.org/dotbot, help@moz.com)"
66.249.79.132 - - [14/Oct/2014:19:46:37 +0200] "GET /robots.txt HTTP/1.1" 200 654 "-" "Mozilla/5.0 (compatible; Googlebot/2.1; +http://www.google.com/bot.html)"
66.249.79.116 - - [14/Oct/2014:19:46:38 +0200] "GET / HTTP/1.1" 200 6284 "-" "Mozilla/5.0 (compatible; Googlebot/2.1; +http://www.google.com/bot.html)"
207.46.13.78 - - [14/Oct/2014:20:02:00 +0200] "GET / HTTP/1.1" 200 6285 "-" "Mozilla/5.0 (compatible; bingbot/2.0; +http://www.bing.com/bingbot.htm)"
5.255.253.40 - - [14/Oct/2014:20:02:01 +0200] "GET /contact HTTP/1.1" 200 5176 "-" "Mozilla/5.0 (compatible; YandexBot/3.0; +http://yandex.com/bots)"
5.255.253.40 - - [14/Oct/2014:20:02:13 +0200] "GET /Contact HTTP/1.1" 200 5179 "-" "Mozilla/5.0 (compatible; YandexBot/3.0; +http://yandex.com/bots)"
5.255.253.40 - - [14/Oct/2014:20:02:24 +0200] "GET /Contact HTTP/1.1" 200 5175 "-" "Mozilla/5.0 (compatible; YandexBot/3.0; +http://yandex.com/bots)"
5.255.253.40 - - [14/Oct/2014:20:02:35 +0200] "GET /contact HTTP/1.1" 200 5172 "-" "Mozilla/5.0 (compatible; YandexBot/3.0; +http://yandex.com/bots)"
5.255.253.40 - - [14/Oct/2014:20:02:46 +0200] "GET /Contact HTTP/1.1" 200 5174 "-" "Mozilla/5.0 (compatible; YandexBot/3.0; +http://yandex.com/bots)"
201.192.162.30 - - [14/Oct/2014:20:05:33 +0200] "GET / HTTP/1.1" 200 6289 "http://semalt.semalt.com/crawler.php?u=http://master-sippe.fr" "Mozilla/5.0 (Windows NT 6.1; WOW64) AppleWebKit/537.36 (KHTML, like Gecko) Chrome/36.0.1985.143 Safari/537.36"
201.192.162.30 - - [14/Oct/2014:20:05:34 +0200] "GET /modules/system/system.base.css?n1cp2r HTTP/1.1" 200 1883 "http://master-sippe.fr/" "Mozilla/5.0 (Windows NT 6.1; WOW64) AppleWebKit/537.36 (KHTML, like Gecko) Chrome/36.0.1985.143 Safari/537.36"
201.192.162.30 - - [14/Oct/2014:20:05:34 +0200] "GET /modules/system/system.menus.css?n1cp2r HTTP/1.1" 200 661 "http://master-sippe.fr/" "Mozilla/5.0 (Windows NT 6.1; WOW64) AppleWebKit/537.36 (KHTML, like Gecko) Chrome/36.0.1985.143 Safari/537.36"
201.192.162.30 - - [14/Oct/2014:20:05:34 +0200] "GET /modules/system/system.messages.css?n1cp2r HTTP/1.1" 200 382 "http://master-sippe.fr/" "Mozilla/5.0 (Windows NT 6.1; WOW64) AppleWebKit/537.36 (KHTML, like Gecko) Chrome/36.0.1985.143 Safari/537.36"
201.192.162.30 - - [14/Oct/2014:20:05:34 +0200] "GET /modules/system/system.theme.css?n1cp2r HTTP/1.1" 200 1220 "http://master-sippe.fr/" "Mozilla/5.0 (Windows NT 6.1; WOW64) AppleWebKit/537.36 (KHTML, like Gecko) Chrome/36.0.1985.143 Safari/537.36"
201.192.162.30 - - [14/Oct/2014:20:05:34 +0200] "GET /modules/comment/comment.css?n1cp2r HTTP/1.1" 200 142 "http://master-sippe.fr/" "Mozilla/5.0 (Windows NT 6.1; WOW64) AppleWebKit/537.36 (KHTML, like Gecko) Chrome/36.0.1985.143 Safari/537.36"
201.192.162.30 - - [14/Oct/2014:20:05:34 +0200] "GET /modules/field/theme/field.css?n1cp2r HTTP/1.1" 200 235 "http://master-sippe.fr/" "Mozilla/5.0 (Windows NT 6.1; WOW64) AppleWebKit/537.36 (KHTML, like Gecko) Chrome/36.0.1985.143 Safari/537.36"
201.192.162.30 - - [14/Oct/2014:20:05:34 +0200] "GET /modules/node/node.css?n1cp2r HTTP/1.1" 200 109 "http://master-sippe.fr/" "Mozilla/5.0 (Windows NT 6.1; WOW64) AppleWebKit/537.36 (KHTML, like Gecko) Chrome/36.0.1985.143 Safari/537.36"
201.192.162.30 - - [14/Oct/2014:20:05:34 +0200] "GET /modules/search/search.css?n1cp2r HTTP/1.1" 200 232 "http://master-sippe.fr/" "Mozilla/5.0 (Windows NT 6.1; WOW64) AppleWebKit/537.36 (KHTML, like Gecko) Chrome/36.0.1985.143 Safari/537.36"
201.192.162.30 - - [14/Oct/2014:20:05:34 +0200] "GET /modules/user/user.css?n1cp2r HTTP/1.1" 200 698 "http://master-sippe.fr/" "Mozilla/5.0 (Windows NT 6.1; WOW64) AppleWebKit/537.36 (KHTML, like Gecko) Chrome/36.0.1985.143 Safari/537.36"
201.192.162.30 - - [14/Oct/2014:20:05:34 +0200] "GET /sites/all/modules/views/css/views.css?n1cp2r HTTP/1.1" 200 309 "http://master-sippe.fr/" "Mozilla/5.0 (Windows NT 6.1; WOW64) AppleWebKit/537.36 (KHTML, like Gecko) Chrome/36.0.1985.143 Safari/537.36"
201.192.162.30 - - [14/Oct/2014:20:05:34 +0200] "GET /sites/all/modules/ckeditor/ckeditor.css?n1cp2r HTTP/1.1" 200 1057 "http://master-sippe.fr/" "Mozilla/5.0 (Windows NT 6.1; WOW64) AppleWebKit/537.36 (KHTML, like Gecko) Chrome/36.0.1985.143 Safari/537.36"
201.192.162.30 - - [14/Oct/2014:20:05:34 +0200] "GET /sites/all/modules/ctools/css/ctools.css?n1cp2r HTTP/1.1" 200 252 "http://master-sippe.fr/" "Mozilla/5.0 (Windows NT 6.1; WOW64) AppleWebKit/537.36 (KHTML, like Gecko) Chrome/36.0.1985.143 Safari/537.36"
201.192.162.30 - - [14/Oct/2014:20:05:34 +0200] "GET /sites/all/modules/intramenu/intramenu_style.css?n1cp2r HTTP/1.1" 200 632 "http://master-sippe.fr/" "Mozilla/5.0 (Windows NT 6.1; WOW64) AppleWebKit/537.36 (KHTML, like Gecko) Chrome/36.0.1985.143 Safari/537.36"
201.192.162.30 - - [14/Oct/2014:20:05:34 +0200] "GET /sites/all/modules/shortcuts_accueil/freestyle.css?n1cp2r HTTP/1.1" 200 404 "http://master-sippe.fr/" "Mozilla/5.0 (Windows NT 6.1; WOW64) AppleWebKit/537.36 (KHTML, like Gecko) Chrome/36.0.1985.143 Safari/537.36"
201.192.162.30 - - [14/Oct/2014:20:05:34 +0200] "GET /sites/all/modules/display_news/imposeTonStyle.css?n1cp2r HTTP/1.1" 200 699 "http://master-sippe.fr/" "Mozilla/5.0 (Windows NT 6.1; WOW64) AppleWebKit/537.36 (KHTML, like Gecko) Chrome/36.0.1985.143 Safari/537.36"
201.192.162.30 - - [14/Oct/2014:20:05:34 +0200] "GET /sites/all/libraries/nivo-slider/themes/default/default.css?n1cp2r HTTP/1.1" 200 721 "http://master-sippe.fr/" "Mozilla/5.0 (Windows NT 6.1; WOW64) AppleWebKit/537.36 (KHTML, like Gecko) Chrome/36.0.1985.143 Safari/537.36"
201.192.162.30 - - [14/Oct/2014:20:05:34 +0200] "GET /sites/all/libraries/nivo-slider/nivo-slider.css?n1cp2r HTTP/1.1" 200 838 "http://master-sippe.fr/" "Mozilla/5.0 (Windows NT 6.1; WOW64) AppleWebKit/537.36 (KHTML, like Gecko) Chrome/36.0.1985.143 Safari/537.36"
201.192.162.30 - - [14/Oct/2014:20:05:34 +0200] "GET /sites/all/themes/rubix-responsive-theme/style.css?n1cp2r HTTP/1.1" 200 6616 "http://master-sippe.fr/" "Mozilla/5.0 (Windows NT 6.1; WOW64) AppleWebKit/537.36 (KHTML, like Gecko) Chrome/36.0.1985.143 Safari/537.36"
201.192.162.30 - - [14/Oct/2014:20:05:34 +0200] "GET /sites/all/themes/rubix-responsive-theme/media.css?n1cp2r HTTP/1.1" 200 1459 "http://master-sippe.fr/" "Mozilla/5.0 (Windows NT 6.1; WOW64) AppleWebKit/537.36 (KHTML, like Gecko) Chrome/36.0.1985.143 Safari/537.36"
201.192.162.30 - - [14/Oct/2014:20:05:35 +0200] "GET /misc/jquery.once.js?v=1.2 HTTP/1.1" 200 1066 "http://master-sippe.fr/" "Mozilla/5.0 (Windows NT 6.1; WOW64) AppleWebKit/537.36 (KHTML, like Gecko) Chrome/36.0.1985.143 Safari/537.36"
201.192.162.30 - - [14/Oct/2014:20:05:35 +0200] "GET /misc/drupal.js?n1cp2r HTTP/1.1" 200 4976 "http://master-sippe.fr/" "Mozilla/5.0 (Windows NT 6.1; WOW64) AppleWebKit/537.36 (KHTML, like Gecko) Chrome/36.0.1985.143 Safari/537.36"
201.192.162.30 - - [14/Oct/2014:20:05:35 +0200] "GET /sites/default/files/languages/fr_1bxlFwYbSjKwP_MT6qnGNu43Mp-vbZYoDjQ58_GrzUE.js?n1cp2r HTTP/1.1" 200 1755 "http://master-sippe.fr/" "Mozilla/5.0 (Windows NT 6.1; WOW64) AppleWebKit/537.36 (KHTML, like Gecko) Chrome/36.0.1985.143 Safari/537.36"
201.192.162.30 - - [14/Oct/2014:20:05:35 +0200] "GET /sites/all/modules/display_news/truncate_news.js?n1cp2r HTTP/1.1" 200 296 "http://master-sippe.fr/" "Mozilla/5.0 (Windows NT 6.1; WOW64) AppleWebKit/537.36 (KHTML, like Gecko) Chrome/36.0.1985.143 Safari/537.36"
201.192.162.30 - - [14/Oct/2014:20:05:35 +0200] "GET /sites/all/modules/google_analytics/googleanalytics.js?n1cp2r HTTP/1.1" 200 1397 "http://master-sippe.fr/" "Mozilla/5.0 (Windows NT 6.1; WOW64) AppleWebKit/537.36 (KHTML, like Gecko) Chrome/36.0.1985.143 Safari/537.36"
201.192.162.30 - - [14/Oct/2014:20:05:35 +0200] "GET /sites/all/modules/nivo_slider/js/nivo_slider.js?n1cp2r HTTP/1.1" 200 690 "http://master-sippe.fr/" "Mozilla/5.0 (Windows NT 6.1; WOW64) AppleWebKit/537.36 (KHTML, like Gecko) Chrome/36.0.1985.143 Safari/537.36"
201.192.162.30 - - [14/Oct/2014:20:05:35 +0200] "GET /sites/all/libraries/nivo-slider/jquery.nivo.slider.pack.js?n1cp2r HTTP/1.1" 200 3074 "http://master-sippe.fr/" "Mozilla/5.0 (Windows NT 6.1; WOW64) AppleWebKit/537.36 (KHTML, like Gecko) Chrome/36.0.1985.143 Safari/537.36"
201.192.162.30 - - [14/Oct/2014:20:05:35 +0200] "GET /sites/all/themes/rubix-responsive-theme/js/customize-twitter-1.1.min.js?n1cp2r HTTP/1.1" 200 537 "http://master-sippe.fr/" "Mozilla/5.0 (Windows NT 6.1; WOW64) AppleWebKit/537.36 (KHTML, like Gecko) Chrome/36.0.1985.143 Safari/537.36"
201.192.162.30 - - [14/Oct/2014:20:05:35 +0200] "GET /sites/all/themes/rubix-responsive-theme/js/custom.js?n1cp2r HTTP/1.1" 200 365 "http://master-sippe.fr/" "Mozilla/5.0 (Windows NT 6.1; WOW64) AppleWebKit/537.36 (KHTML, like Gecko) Chrome/36.0.1985.143 Safari/537.36"
201.192.162.30 - - [14/Oct/2014:20:05:35 +0200] "GET /sites/all/modules/intramenu/Images/user.png HTTP/1.1" 200 3002 "http://master-sippe.fr/" "Mozilla/5.0 (Windows NT 6.1; WOW64) AppleWebKit/537.36 (KHTML, like Gecko) Chrome/36.0.1985.143 Safari/537.36"
201.192.162.30 - - [14/Oct/2014:20:05:35 +0200] "GET /sites/all/modules/intramenu/Images/lock.png HTTP/1.1" 200 2962 "http://master-sippe.fr/" "Mozilla/5.0 (Windows NT 6.1; WOW64) AppleWebKit/537.36 (KHTML, like Gecko) Chrome/36.0.1985.143 Safari/537.36"
201.192.162.30 - - [14/Oct/2014:20:05:35 +0200] "GET /sites/all/themes/rubix-responsive-theme/images/icone-facebook.svg HTTP/1.1" 200 927 "http://master-sippe.fr/" "Mozilla/5.0 (Windows NT 6.1; WOW64) AppleWebKit/537.36 (KHTML, like Gecko) Chrome/36.0.1985.143 Safari/537.36"
201.192.162.30 - - [14/Oct/2014:20:05:35 +0200] "GET /sites/all/themes/rubix-responsive-theme/images/icone-twitter.svg HTTP/1.1" 200 1267 "http://master-sippe.fr/" "Mozilla/5.0 (Windows NT 6.1; WOW64) AppleWebKit/537.36 (KHTML, like Gecko) Chrome/36.0.1985.143 Safari/537.36"
201.192.162.30 - - [14/Oct/2014:20:05:35 +0200] "GET /sites/all/themes/rubix-responsive-theme/images/icone-google-plus.svg HTTP/1.1" 200 1620 "http://master-sippe.fr/" "Mozilla/5.0 (Windows NT 6.1; WOW64) AppleWebKit/537.36 (KHTML, like Gecko) Chrome/36.0.1985.143 Safari/537.36"
201.192.162.30 - - [14/Oct/2014:20:05:35 +0200] "GET /sites/all/themes/rubix-responsive-theme/images/icone-linkedin.svg HTTP/1.1" 200 1173 "http://master-sippe.fr/" "Mozilla/5.0 (Windows NT 6.1; WOW64) AppleWebKit/537.36 (KHTML, like Gecko) Chrome/36.0.1985.143 Safari/537.36"
201.192.162.30 - - [14/Oct/2014:20:05:35 +0200] "GET /sites/all/themes/rubix-responsive-theme/images/icone-viadeo.svg HTTP/1.1" 200 1993 "http://master-sippe.fr/" "Mozilla/5.0 (Windows NT 6.1; WOW64) AppleWebKit/537.36 (KHTML, like Gecko) Chrome/36.0.1985.143 Safari/537.36"
201.192.162.30 - - [14/Oct/2014:20:05:35 +0200] "GET /sites/all/themes/rubix-responsive-theme/images/icone-youtube.svg HTTP/1.1" 200 2713 "http://master-sippe.fr/" "Mozilla/5.0 (Windows NT 6.1; WOW64) AppleWebKit/537.36 (KHTML, like Gecko) Chrome/36.0.1985.143 Safari/537.36"
201.192.162.30 - - [14/Oct/2014:20:05:35 +0200] "GET /sites/all/themes/rubix-responsive-theme/images/logo_master_sippe.png HTTP/1.1" 200 16306 "http://master-sippe.fr/" "Mozilla/5.0 (Windows NT 6.1; WOW64) AppleWebKit/537.36 (KHTML, like Gecko) Chrome/36.0.1985.143 Safari/537.36"
201.192.162.30 - - [14/Oct/2014:20:05:35 +0200] "GET /sites/all/themes/rubix-responsive-theme/images/menu_bg.png HTTP/1.1" 200 2955 "http://master-sippe.fr/" "Mozilla/5.0 (Windows NT 6.1; WOW64) AppleWebKit/537.36 (KHTML, like Gecko) Chrome/36.0.1985.143 Safari/537.36"
201.192.162.30 - - [14/Oct/2014:20:05:36 +0200] "GET /sites/all/modules/shortcuts_accueil/Images/picto-formation.png HTTP/1.1" 200 2931 "http://master-sippe.fr/" "Mozilla/5.0 (Windows NT 6.1; WOW64) AppleWebKit/537.36 (KHTML, like Gecko) Chrome/36.0.1985.143 Safari/537.36"
201.192.162.30 - - [14/Oct/2014:20:05:36 +0200] "GET /sites/all/modules/shortcuts_accueil/Images/picto-metiers.png HTTP/1.1" 200 3676 "http://master-sippe.fr/" "Mozilla/5.0 (Windows NT 6.1; WOW64) AppleWebKit/537.36 (KHTML, like Gecko) Chrome/36.0.1985.143 Safari/537.36"
201.192.162.30 - - [14/Oct/2014:20:05:35 +0200] "GET /sites/all/themes/rubix-responsive-theme/images/body_bg.png HTTP/1.1" 200 137733 "http://master-sippe.fr/" "Mozilla/5.0 (Windows NT 6.1; WOW64) AppleWebKit/537.36 (KHTML, like Gecko) Chrome/36.0.1985.143 Safari/537.36"
201.192.162.30 - - [14/Oct/2014:20:05:36 +0200] "GET /sites/all/modules/shortcuts_accueil/Images/picto-asso.png HTTP/1.1" 200 4408 "http://master-sippe.fr/" "Mozilla/5.0 (Windows NT 6.1; WOW64) AppleWebKit/537.36 (KHTML, like Gecko) Chrome/36.0.1985.143 Safari/537.36"
201.192.162.30 - - [14/Oct/2014:20:05:36 +0200] "GET /sites/all/modules/shortcuts_accueil/Images/picto-partenaires.png HTTP/1.1" 200 4394 "http://master-sippe.fr/" "Mozilla/5.0 (Windows NT 6.1; WOW64) AppleWebKit/537.36 (KHTML, like Gecko) Chrome/36.0.1985.143 Safari/537.36"
201.192.162.30 - - [14/Oct/2014:20:05:36 +0200] "GET /sites/default/files/1012240.jpeg HTTP/1.1" 200 91173 "http://master-sippe.fr/" "Mozilla/5.0 (Windows NT 6.1; WOW64) AppleWebKit/537.36 (KHTML, like Gecko) Chrome/36.0.1985.143 Safari/537.36"
201.192.162.30 - - [14/Oct/2014:20:05:36 +0200] "GET /sites/default/files/images/logo-appli.jpg HTTP/1.1" 200 61022 "http://master-sippe.fr/" "Mozilla/5.0 (Windows NT 6.1; WOW64) AppleWebKit/537.36 (KHTML, like Gecko) Chrome/36.0.1985.143 Safari/537.36"
201.192.162.30 - - [14/Oct/2014:20:05:36 +0200] "GET /sites/default/files/images/10ans-master.jpeg HTTP/1.1" 200 91173 "http://master-sippe.fr/" "Mozilla/5.0 (Windows NT 6.1; WOW64) AppleWebKit/537.36 (KHTML, like Gecko) Chrome/36.0.1985.143 Safari/537.36"
201.192.162.30 - - [14/Oct/2014:20:05:36 +0200] "GET /sites/default/files/logo-appli.jpg HTTP/1.1" 200 61022 "http://master-sippe.fr/" "Mozilla/5.0 (Windows NT 6.1; WOW64) AppleWebKit/537.36 (KHTML, like Gecko) Chrome/36.0.1985.143 Safari/537.36"
201.192.162.30 - - [14/Oct/2014:20:05:36 +0200] "GET /sites/default/files/banner/10ans-master.jpg HTTP/1.1" 200 223287 "http://master-sippe.fr/" "Mozilla/5.0 (Windows NT 6.1; WOW64) AppleWebKit/537.36 (KHTML, like Gecko) Chrome/36.0.1985.143 Safari/537.36"
201.192.162.30 - - [14/Oct/2014:20:05:36 +0200] "GET /sites/default/files/banner/porte-ouverte-2013.jpg HTTP/1.1" 200 244163 "http://master-sippe.fr/" "Mozilla/5.0 (Windows NT 6.1; WOW64) AppleWebKit/537.36 (KHTML, like Gecko) Chrome/36.0.1985.143 Safari/537.36"
201.192.162.30 - - [14/Oct/2014:20:05:38 +0200] "GET /sites/default/files/images/QRcode-appli.jpg HTTP/1.1" 200 18611 "http://master-sippe.fr/" "Mozilla/5.0 (Windows NT 6.1; WOW64) AppleWebKit/537.36 (KHTML, like Gecko) Chrome/36.0.1985.143 Safari/537.36"
201.192.162.30 - - [14/Oct/2014:20:05:38 +0200] "GET /sites/default/files/photo_foot.jpg HTTP/1.1" 200 80543 "http://master-sippe.fr/" "Mozilla/5.0 (Windows NT 6.1; WOW64) AppleWebKit/537.36 (KHTML, like Gecko) Chrome/36.0.1985.143 Safari/537.36"
201.192.162.30 - - [14/Oct/2014:20:05:38 +0200] "GET /sites/default/files/images/photo_foot.jpg HTTP/1.1" 200 80543 "http://master-sippe.fr/" "Mozilla/5.0 (Windows NT 6.1; WOW64) AppleWebKit/537.36 (KHTML, like Gecko) Chrome/36.0.1985.143 Safari/537.36"
201.192.162.30 - - [14/Oct/2014:20:05:38 +0200] "GET /sites/all/modules/display_news/Images/Cercle.png HTTP/1.1" 200 3105 "http://master-sippe.fr/" "Mozilla/5.0 (Windows NT 6.1; WOW64) AppleWebKit/537.36 (KHTML, like Gecko) Chrome/36.0.1985.143 Safari/537.36"
201.192.162.30 - - [14/Oct/2014:20:05:38 +0200] "GET /sites/all/themes/rubix-responsive-theme/images/logo-pole-lardy-footer.jpg HTTP/1.1" 200 2488 "http://master-sippe.fr/" "Mozilla/5.0 (Windows NT 6.1; WOW64) AppleWebKit/537.36 (KHTML, like Gecko) Chrome/36.0.1985.143 Safari/537.36"
201.192.162.30 - - [14/Oct/2014:20:05:38 +0200] "GET /sites/all/themes/rubix-responsive-theme/images/logo-ubp-footer.jpg HTTP/1.1" 200 3992 "http://master-sippe.fr/" "Mozilla/5.0 (Windows NT 6.1; WOW64) AppleWebKit/537.36 (KHTML, like Gecko) Chrome/36.0.1985.143 Safari/537.36"
201.192.162.30 - - [14/Oct/2014:20:05:38 +0200] "GET /sites/all/themes/rubix-responsive-theme/fonts/LobsterTwo-Regular.otf HTTP/1.1" 200 78428 "http://master-sippe.fr/" "Mozilla/5.0 (Windows NT 6.1; WOW64) AppleWebKit/537.36 (KHTML, like Gecko) Chrome/36.0.1985.143 Safari/537.36"
201.192.162.30 - - [14/Oct/2014:20:05:38 +0200] "GET /sites/all/themes/rubix-responsive-theme/fonts/MYRIADPRO-REGULAR.OTF HTTP/1.1" 200 94360 "http://master-sippe.fr/" "Mozilla/5.0 (Windows NT 6.1; WOW64) AppleWebKit/537.36 (KHTML, like Gecko) Chrome/36.0.1985.143 Safari/537.36"
201.192.162.30 - - [14/Oct/2014:20:05:38 +0200] "GET /sites/all/themes/rubix-responsive-theme/fonts/HalloSans.otf HTTP/1.1" 200 42564 "http://master-sippe.fr/" "Mozilla/5.0 (Windows NT 6.1; WOW64) AppleWebKit/537.36 (KHTML, like Gecko) Chrome/36.0.1985.143 Safari/537.36"
201.192.162.30 - - [14/Oct/2014:20:05:38 +0200] "GET /sites/all/libraries/nivo-slider/themes/default/bullets.png HTTP/1.1" 200 3467 "http://master-sippe.fr/" "Mozilla/5.0 (Windows NT 6.1; WOW64) AppleWebKit/537.36 (KHTML, like Gecko) Chrome/36.0.1985.143 Safari/537.36"
201.192.162.30 - - [14/Oct/2014:20:05:38 +0200] "GET /sites/all/themes/rubix-responsive-theme/style_twitter.css HTTP/1.1" 200 125 "-" "Mozilla/5.0 (Windows NT 6.1; WOW64) AppleWebKit/537.36 (KHTML, like Gecko) Chrome/36.0.1985.143 Safari/537.36"
201.192.162.30 - - [14/Oct/2014:20:05:40 +0200] "GET /sites/default/files/banner/10ans-master.jpg HTTP/1.1" 200 223287 "http://master-sippe.fr/" "Mozilla/5.0 (Windows NT 6.1; WOW64) AppleWebKit/537.36 (KHTML, like Gecko) Chrome/36.0.1985.143 Safari/537.36"
201.192.162.30 - - [14/Oct/2014:20:05:40 +0200] "GET /sites/default/files/banner/porte-ouverte-2013.jpg HTTP/1.1" 200 244163 "http://master-sippe.fr/" "Mozilla/5.0 (Windows NT 6.1; WOW64) AppleWebKit/537.36 (KHTML, like Gecko) Chrome/36.0.1985.143 Safari/537.36"
201.192.162.30 - - [14/Oct/2014:20:05:45 +0200] "GET /sites/default/files/banner/porte-ouverte-2013.jpg HTTP/1.1" 200 244163 "http://master-sippe.fr/" "Mozilla/5.0 (Windows NT 6.1; WOW64) AppleWebKit/537.36 (KHTML, like Gecko) Chrome/36.0.1985.143 Safari/537.36"
201.192.162.30 - - [14/Oct/2014:20:05:45 +0200] "GET /sites/default/files/banner/10ans-master.jpg HTTP/1.1" 200 223287 "http://master-sippe.fr/" "Mozilla/5.0 (Windows NT 6.1; WOW64) AppleWebKit/537.36 (KHTML, like Gecko) Chrome/36.0.1985.143 Safari/537.36"
66.249.93.4 - - [14/Oct/2014:20:05:53 +0200] "GET /formation/programme HTTP/1.1" 200 6119 "-" "Mozilla/5.0 (Windows NT 6.1; rv:6.0) Gecko/20110814 Firefox/6.0 Google favicon"
66.249.79.121 - - [14/Oct/2014:20:55:48 +0200] "GET /sites/default/files/images/ddblock/94.jpg HTTP/1.1" 404 253 "-" "Googlebot-Image/1.0"
80.13.198.148 - - [14/Oct/2014:21:18:48 +0200] "GET / HTTP/1.1" 200 5829 "https://www.google.fr/" "Mozilla/5.0 (iPhone; CPU iPhone OS 7_1_2 like Mac OS X) AppleWebKit/537.51.2 (KHTML, like Gecko) Version/7.0 Mobile/11D257 Safari/9537.53"
80.13.198.148 - - [14/Oct/2014:21:18:49 +0200] "GET /modules/system/system.base.css?n1cp2r HTTP/1.1" 200 1883 "http://www.master-sippe.fr/" "Mozilla/5.0 (iPhone; CPU iPhone OS 7_1_2 like Mac OS X) AppleWebKit/537.51.2 (KHTML, like Gecko) Version/7.0 Mobile/11D257 Safari/9537.53"
80.13.198.148 - - [14/Oct/2014:21:18:49 +0200] "GET /modules/system/system.menus.css?n1cp2r HTTP/1.1" 200 661 "http://www.master-sippe.fr/" "Mozilla/5.0 (iPhone; CPU iPhone OS 7_1_2 like Mac OS X) AppleWebKit/537.51.2 (KHTML, like Gecko) Version/7.0 Mobile/11D257 Safari/9537.53"
80.13.198.148 - - [14/Oct/2014:21:18:49 +0200] "GET /modules/system/system.messages.css?n1cp2r HTTP/1.1" 200 382 "http://www.master-sippe.fr/" "Mozilla/5.0 (iPhone; CPU iPhone OS 7_1_2 like Mac OS X) AppleWebKit/537.51.2 (KHTML, like Gecko) Version/7.0 Mobile/11D257 Safari/9537.53"
80.13.198.148 - - [14/Oct/2014:21:18:49 +0200] "GET /modules/system/system.theme.css?n1cp2r HTTP/1.1" 200 1220 "http://www.master-sippe.fr/" "Mozilla/5.0 (iPhone; CPU iPhone OS 7_1_2 like Mac OS X) AppleWebKit/537.51.2 (KHTML, like Gecko) Version/7.0 Mobile/11D257 Safari/9537.53"
80.13.198.148 - - [14/Oct/2014:21:18:50 +0200] "GET /sites/all/modules/intramenu/Images/user.png HTTP/1.1" 200 3002 "http://www.master-sippe.fr/" "Mozilla/5.0 (iPhone; CPU iPhone OS 7_1_2 like Mac OS X) AppleWebKit/537.51.2 (KHTML, like Gecko) Version/7.0 Mobile/11D257 Safari/9537.53"
80.13.198.148 - - [14/Oct/2014:21:18:50 +0200] "GET /sites/all/themes/rubix-responsive-theme/images/icone-linkedin.svg HTTP/1.1" 200 1173 "http://www.master-sippe.fr/" "Mozilla/5.0 (iPhone; CPU iPhone OS 7_1_2 like Mac OS X) AppleWebKit/537.51.2 (KHTML, like Gecko) Version/7.0 Mobile/11D257 Safari/9537.53"
80.13.198.148 - - [14/Oct/2014:21:18:50 +0200] "GET /modules/node/node.css?n1cp2r HTTP/1.1" 200 109 "http://www.master-sippe.fr/" "Mozilla/5.0 (iPhone; CPU iPhone OS 7_1_2 like Mac OS X) AppleWebKit/537.51.2 (KHTML, like Gecko) Version/7.0 Mobile/11D257 Safari/9537.53"
80.13.198.148 - - [14/Oct/2014:21:18:50 +0200] "GET /modules/search/search.css?n1cp2r HTTP/1.1" 200 232 "http://www.master-sippe.fr/" "Mozilla/5.0 (iPhone; CPU iPhone OS 7_1_2 like Mac OS X) AppleWebKit/537.51.2 (KHTML, like Gecko) Version/7.0 Mobile/11D257 Safari/9537.53"
80.13.198.148 - - [14/Oct/2014:21:18:50 +0200] "GET /modules/user/user.css?n1cp2r HTTP/1.1" 200 698 "http://www.master-sippe.fr/" "Mozilla/5.0 (iPhone; CPU iPhone OS 7_1_2 like Mac OS X) AppleWebKit/537.51.2 (KHTML, like Gecko) Version/7.0 Mobile/11D257 Safari/9537.53"
80.13.198.148 - - [14/Oct/2014:21:18:50 +0200] "GET /sites/all/modules/views/css/views.css?n1cp2r HTTP/1.1" 200 309 "http://www.master-sippe.fr/" "Mozilla/5.0 (iPhone; CPU iPhone OS 7_1_2 like Mac OS X) AppleWebKit/537.51.2 (KHTML, like Gecko) Version/7.0 Mobile/11D257 Safari/9537.53"
80.13.198.148 - - [14/Oct/2014:21:18:50 +0200] "GET /sites/all/modules/ckeditor/ckeditor.css?n1cp2r HTTP/1.1" 200 1057 "http://www.master-sippe.fr/" "Mozilla/5.0 (iPhone; CPU iPhone OS 7_1_2 like Mac OS X) AppleWebKit/537.51.2 (KHTML, like Gecko) Version/7.0 Mobile/11D257 Safari/9537.53"
80.13.198.148 - - [14/Oct/2014:21:18:50 +0200] "GET /sites/all/modules/ctools/css/ctools.css?n1cp2r HTTP/1.1" 200 252 "http://www.master-sippe.fr/" "Mozilla/5.0 (iPhone; CPU iPhone OS 7_1_2 like Mac OS X) AppleWebKit/537.51.2 (KHTML, like Gecko) Version/7.0 Mobile/11D257 Safari/9537.53"
80.13.198.148 - - [14/Oct/2014:21:18:50 +0200] "GET /sites/all/modules/intramenu/intramenu_style.css?n1cp2r HTTP/1.1" 200 632 "http://www.master-sippe.fr/" "Mozilla/5.0 (iPhone; CPU iPhone OS 7_1_2 like Mac OS X) AppleWebKit/537.51.2 (KHTML, like Gecko) Version/7.0 Mobile/11D257 Safari/9537.53"
80.13.198.148 - - [14/Oct/2014:21:18:50 +0200] "GET /sites/all/modules/shortcuts_accueil/freestyle.css?n1cp2r HTTP/1.1" 200 404 "http://www.master-sippe.fr/" "Mozilla/5.0 (iPhone; CPU iPhone OS 7_1_2 like Mac OS X) AppleWebKit/537.51.2 (KHTML, like Gecko) Version/7.0 Mobile/11D257 Safari/9537.53"
80.13.198.148 - - [14/Oct/2014:21:18:50 +0200] "GET /modules/comment/comment.css?n1cp2r HTTP/1.1" 200 142 "http://www.master-sippe.fr/" "Mozilla/5.0 (iPhone; CPU iPhone OS 7_1_2 like Mac OS X) AppleWebKit/537.51.2 (KHTML, like Gecko) Version/7.0 Mobile/11D257 Safari/9537.53"
80.13.198.148 - - [14/Oct/2014:21:18:50 +0200] "GET /sites/all/modules/display_news/imposeTonStyle.css?n1cp2r HTTP/1.1" 200 699 "http://www.master-sippe.fr/" "Mozilla/5.0 (iPhone; CPU iPhone OS 7_1_2 like Mac OS X) AppleWebKit/537.51.2 (KHTML, like Gecko) Version/7.0 Mobile/11D257 Safari/9537.53"
80.13.198.148 - - [14/Oct/2014:21:18:50 +0200] "GET /sites/all/libraries/nivo-slider/themes/default/default.css?n1cp2r HTTP/1.1" 200 721 "http://www.master-sippe.fr/" "Mozilla/5.0 (iPhone; CPU iPhone OS 7_1_2 like Mac OS X) AppleWebKit/537.51.2 (KHTML, like Gecko) Version/7.0 Mobile/11D257 Safari/9537.53"
80.13.198.148 - - [14/Oct/2014:21:18:50 +0200] "GET /sites/all/libraries/nivo-slider/nivo-slider.css?n1cp2r HTTP/1.1" 200 838 "http://www.master-sippe.fr/" "Mozilla/5.0 (iPhone; CPU iPhone OS 7_1_2 like Mac OS X) AppleWebKit/537.51.2 (KHTML, like Gecko) Version/7.0 Mobile/11D257 Safari/9537.53"
80.13.198.148 - - [14/Oct/2014:21:18:50 +0200] "GET /sites/all/themes/rubix-responsive-theme/style.css?n1cp2r HTTP/1.1" 200 6616 "http://www.master-sippe.fr/" "Mozilla/5.0 (iPhone; CPU iPhone OS 7_1_2 like Mac OS X) AppleWebKit/537.51.2 (KHTML, like Gecko) Version/7.0 Mobile/11D257 Safari/9537.53"
80.13.198.148 - - [14/Oct/2014:21:18:50 +0200] "GET /sites/all/themes/rubix-responsive-theme/media.css?n1cp2r HTTP/1.1" 200 1459 "http://www.master-sippe.fr/" "Mozilla/5.0 (iPhone; CPU iPhone OS 7_1_2 like Mac OS X) AppleWebKit/537.51.2 (KHTML, like Gecko) Version/7.0 Mobile/11D257 Safari/9537.53"
80.13.198.148 - - [14/Oct/2014:21:18:50 +0200] "GET /modules/field/theme/field.css?n1cp2r HTTP/1.1" 200 235 "http://www.master-sippe.fr/" "Mozilla/5.0 (iPhone; CPU iPhone OS 7_1_2 like Mac OS X) AppleWebKit/537.51.2 (KHTML, like Gecko) Version/7.0 Mobile/11D257 Safari/9537.53"
80.13.198.148 - - [14/Oct/2014:21:18:50 +0200] "GET /sites/all/themes/rubix-responsive-theme/images/icone-twitter.svg HTTP/1.1" 200 1267 "http://www.master-sippe.fr/" "Mozilla/5.0 (iPhone; CPU iPhone OS 7_1_2 like Mac OS X) AppleWebKit/537.51.2 (KHTML, like Gecko) Version/7.0 Mobile/11D257 Safari/9537.53"
80.13.198.148 - - [14/Oct/2014:21:18:50 +0200] "GET /sites/all/themes/rubix-responsive-theme/images/icone-google-plus.svg HTTP/1.1" 200 1620 "http://www.master-sippe.fr/" "Mozilla/5.0 (iPhone; CPU iPhone OS 7_1_2 like Mac OS X) AppleWebKit/537.51.2 (KHTML, like Gecko) Version/7.0 Mobile/11D257 Safari/9537.53"
80.13.198.148 - - [14/Oct/2014:21:18:50 +0200] "GET /sites/all/themes/rubix-responsive-theme/images/icone-facebook.svg HTTP/1.1" 200 927 "http://www.master-sippe.fr/" "Mozilla/5.0 (iPhone; CPU iPhone OS 7_1_2 like Mac OS X) AppleWebKit/537.51.2 (KHTML, like Gecko) Version/7.0 Mobile/11D257 Safari/9537.53"
80.13.198.148 - - [14/Oct/2014:21:18:50 +0200] "GET /sites/all/modules/intramenu/Images/lock.png HTTP/1.1" 200 2962 "http://www.master-sippe.fr/" "Mozilla/5.0 (iPhone; CPU iPhone OS 7_1_2 like Mac OS X) AppleWebKit/537.51.2 (KHTML, like Gecko) Version/7.0 Mobile/11D257 Safari/9537.53"
80.13.198.148 - - [14/Oct/2014:21:18:50 +0200] "GET /sites/default/files/logo-appli.jpg HTTP/1.1" 200 61022 "http://www.master-sippe.fr/" "Mozilla/5.0 (iPhone; CPU iPhone OS 7_1_2 like Mac OS X) AppleWebKit/537.51.2 (KHTML, like Gecko) Version/7.0 Mobile/11D257 Safari/9537.53"
80.13.198.148 - - [14/Oct/2014:21:18:50 +0200] "GET /sites/all/themes/rubix-responsive-theme/images/logo_master_sippe.png HTTP/1.1" 200 16306 "http://www.master-sippe.fr/" "Mozilla/5.0 (iPhone; CPU iPhone OS 7_1_2 like Mac OS X) AppleWebKit/537.51.2 (KHTML, like Gecko) Version/7.0 Mobile/11D257 Safari/9537.53"
80.13.198.148 - - [14/Oct/2014:21:18:50 +0200] "GET /sites/all/themes/rubix-responsive-theme/images/icone-youtube.svg HTTP/1.1" 200 2713 "http://www.master-sippe.fr/" "Mozilla/5.0 (iPhone; CPU iPhone OS 7_1_2 like Mac OS X) AppleWebKit/537.51.2 (KHTML, like Gecko) Version/7.0 Mobile/11D257 Safari/9537.53"
80.13.198.148 - - [14/Oct/2014:21:18:50 +0200] "GET /sites/all/themes/rubix-responsive-theme/images/icone-viadeo.svg HTTP/1.1" 200 1993 "http://www.master-sippe.fr/" "Mozilla/5.0 (iPhone; CPU iPhone OS 7_1_2 like Mac OS X) AppleWebKit/537.51.2 (KHTML, like Gecko) Version/7.0 Mobile/11D257 Safari/9537.53"
80.13.198.148 - - [14/Oct/2014:21:18:50 +0200] "GET /misc/jquery.once.js?v=1.2 HTTP/1.1" 200 1066 "http://www.master-sippe.fr/" "Mozilla/5.0 (iPhone; CPU iPhone OS 7_1_2 like Mac OS X) AppleWebKit/537.51.2 (KHTML, like Gecko) Version/7.0 Mobile/11D257 Safari/9537.53"
80.13.198.148 - - [14/Oct/2014:21:18:50 +0200] "GET /misc/drupal.js?n1cp2r HTTP/1.1" 200 4976 "http://www.master-sippe.fr/" "Mozilla/5.0 (iPhone; CPU iPhone OS 7_1_2 like Mac OS X) AppleWebKit/537.51.2 (KHTML, like Gecko) Version/7.0 Mobile/11D257 Safari/9537.53"
80.13.198.148 - - [14/Oct/2014:21:18:50 +0200] "GET /sites/default/files/languages/fr_1bxlFwYbSjKwP_MT6qnGNu43Mp-vbZYoDjQ58_GrzUE.js?n1cp2r HTTP/1.1" 200 1755 "http://www.master-sippe.fr/" "Mozilla/5.0 (iPhone; CPU iPhone OS 7_1_2 like Mac OS X) AppleWebKit/537.51.2 (KHTML, like Gecko) Version/7.0 Mobile/11D257 Safari/9537.53"
80.13.198.148 - - [14/Oct/2014:21:18:50 +0200] "GET /sites/all/modules/display_news/truncate_news.js?n1cp2r HTTP/1.1" 200 296 "http://www.master-sippe.fr/" "Mozilla/5.0 (iPhone; CPU iPhone OS 7_1_2 like Mac OS X) AppleWebKit/537.51.2 (KHTML, like Gecko) Version/7.0 Mobile/11D257 Safari/9537.53"
80.13.198.148 - - [14/Oct/2014:21:18:50 +0200] "GET /sites/all/modules/nivo_slider/js/nivo_slider.js?n1cp2r HTTP/1.1" 200 690 "http://www.master-sippe.fr/" "Mozilla/5.0 (iPhone; CPU iPhone OS 7_1_2 like Mac OS X) AppleWebKit/537.51.2 (KHTML, like Gecko) Version/7.0 Mobile/11D257 Safari/9537.53"
80.13.198.148 - - [14/Oct/2014:21:18:50 +0200] "GET /sites/all/libraries/nivo-slider/jquery.nivo.slider.pack.js?n1cp2r HTTP/1.1" 200 3074 "http://www.master-sippe.fr/" "Mozilla/5.0 (iPhone; CPU iPhone OS 7_1_2 like Mac OS X) AppleWebKit/537.51.2 (KHTML, like Gecko) Version/7.0 Mobile/11D257 Safari/9537.53"
80.13.198.148 - - [14/Oct/2014:21:18:50 +0200] "GET /sites/all/themes/rubix-responsive-theme/js/customize-twitter-1.1.min.js?n1cp2r HTTP/1.1" 200 537 "http://www.master-sippe.fr/" "Mozilla/5.0 (iPhone; CPU iPhone OS 7_1_2 like Mac OS X) AppleWebKit/537.51.2 (KHTML, like Gecko) Version/7.0 Mobile/11D257 Safari/9537.53"
80.13.198.148 - - [14/Oct/2014:21:18:50 +0200] "GET /sites/all/themes/rubix-responsive-theme/js/custom.js?n1cp2r HTTP/1.1" 200 365 "http://www.master-sippe.fr/" "Mozilla/5.0 (iPhone; CPU iPhone OS 7_1_2 like Mac OS X) AppleWebKit/537.51.2 (KHTML, like Gecko) Version/7.0 Mobile/11D257 Safari/9537.53"
